Fuzzing for Course: 18049e7d-e34e-44fa-8a41-a6ae275fbb8a
SUCCESS: {
  id: '82627d80-9859-45d9-8832-cafe8c510aa5',
  name: 'ISA-1',
  totalMarks: 15,
  courseId: '18049e7d-e34e-44fa-8a41-a6ae275fbb8a',
  createdAt: 2026-03-24T11:06:16.510Z,
  updatedAt: 2026-03-24T11:06:16.510Z
}
